$ node --version && npm --version
/bin/bash: line 1: node: command not found

$ apt-get update && apt-get install -y nodejs npm
('Connection aborted.', RemoteDisconnected('Remote end closed connection without response'))

$ apt-get update && apt-get install -y nodejs npm
debconf: delaying package configuration, since apt-utils is not installed

$ npx create-next-app@latest --help
('Connection aborted.', RemoteDisconnected('Remote end closed connection without response'))

$ npm install -g n && n stable && node -v

  Error: curl or wget command required


  Error: failed to download version index (https://nodejs.org/dist/index.tab)

$ apt-get install -y curl wget
debconf: delaying package configuration, since apt-utils is not installed

$ n stable && node -v
('Connection aborted.', RemoteDisconnected('Remote end closed connection without response'))

$ curl -fsSL https://deb.nodesource.com/setup_20.x | bash - && apt-get install -y nodejs

WARNING: apt does not have a stable CLI interface. Use with caution in scripts.


WARNING: apt does not have a stable CLI interface. Use with caution in scripts.

debconf: delaying package configuration, since apt-utils is not installed

WARNING: apt does not have a stable CLI interface. Use with caution in scripts.

debconf: delaying package configuration, since apt-utils is not installed
E: Sub-process /usr/bin/dpkg returned an error code (1)

$ apt-get remove -y libnode-dev && apt-get install -y nodejs
('Connection aborted.', RemoteDisconnected('Remote end closed connection without response'))

$ apt-get remove -y libnode-dev && apt-get install -y nodejs
debconf: delaying package configuration, since apt-utils is not installed

$ node -v && npm -v
('Connection aborted.', RemoteDisconnected('Remote end closed connection without response'))

$ npx create-next-app@latest my-app --use-npm --typescript --eslint --tailwind --app --import-alias "@/*" --no-src-dir --no-import-alias --no-turbo --no-eslint --no-tailwind --no-typescript
('Connection aborted.', RemoteDisconnected('Remote end closed connection without response'))

$ npm init vite@latest my-app -- --template react
npm warn exec The following package was not found and will be installed: create-vite@9.0.7

$ npx create-react-router@latest my-router-app --yes
('Connection aborted.', RemoteDisconnected('Remote end closed connection without response'))

$ npx create-react-router@latest my-router-app
npm warn exec The following package was not found and will be installed: create-react-router@7.17.0
npm warn deprecated inflight@1.0.6: This module is not supported, and leaks memory. Do not use it. Check out lru-cache if you want a good and tested way to coalesce async requests by a key value, which is much more comprehensive and powerful.
npm warn deprecated glob@7.2.3: Old versions of glob are not supported, and contain widely publicized security vulnerabilities, which have been fixed in the current version. Please update. Support for old versions may be purchased (at exorbitant rates) by contacting i@izs.me
      ▲  Oh no! Failed to initialize git.

$ ls -F my-router-app/
('Connection aborted.', RemoteDisconnected('Remote end closed connection without response'))

$ node --version
('Connection aborted.', RemoteDisconnected('Remote end closed connection without response'))