$ apt-get update && apt-get install -y lsb-release curl gpg
debconf: delaying package configuration, since apt-utils is not installed

$ curl -fsSL https://packages.redis.io/gpg | gpg --dearmor -o /usr/share/keyrings/redis-archive-keyring.gpg && \
chmod 644 /usr/share/keyrings/redis-archive-keyring.gpg && \
echo "deb [signed-by=/usr/share/keyrings/redis-archive-keyring.gpg] https://packages.redis.io/deb $(lsb_release -cs) main" | tee /etc/apt/sources.list.d/redis.list && \
apt-get update && \
apt-get install -y redis
('Connection aborted.', RemoteDisconnected('Remote end closed connection without response'))

$ curl -fsSL https://packages.redis.io/gpg | gpg --dearmor -o /usr/share/keyrings/redis-archive-keyring.gpg && \
chmod 644 /usr/share/keyrings/redis-archive-keyring.gpg && \
echo "deb [signed-by=/usr/share/keyrings/redis-archive-keyring.gpg] https://packages.redis.io/deb $(lsb_release -cs) main" | tee /etc/apt/sources.list.d/redis.list && \
apt-get update && \
apt-get install -y redis
debconf: delaying package configuration, since apt-utils is not installed

$ redis-server --daemonize yes
('Connection aborted.', RemoteDisconnected('Remote end closed connection without response'))

$ redis-server --version
redis-cli --version
('Connection aborted.', RemoteDisconnected('Remote end closed connection without response'))

$ redis-server --help
Usage: ./redis-server [/path/to/redis.conf] [options] [-]
       ./redis-server - (read config from stdin)
       ./redis-server -v or --version
       ./redis-server -h or --help
       ./redis-server --test-memory <megabytes>
       ./redis-server --check-system

Examples:
       ./redis-server (run the server with default conf)
       echo 'maxmemory 128mb' | ./redis-server -
       ./redis-server /etc/redis/6379.conf
       ./redis-server --port 7777
       ./redis-server --port 7777 --replicaof 127.0.0.1 8888
       ./redis-server /etc/myredis.conf --loglevel verbose -
       ./redis-server /etc/myredis.conf --loglevel verbose

Sentinel mode:
       ./redis-server /etc/sentinel.conf --sentinel

$ ls /etc/redis/
('Connection aborted.', RemoteDisconnected('Remote end closed connection without response'))

$ ps aux | grep redis
('Connection aborted.', RemoteDisconnected('Remote end closed connection without response'))